Uint8Array(24) [
   84, 101, 115, 116, 32, 119, 105,
  116, 104,  32,  97, 32, 110, 101,
  119,  32,  74,  83, 32, 102, 105,
  108, 101,  10
]
Test with a new JS file

Expect null: null
Uint8Array(49) [
   84, 101, 115, 116,  32, 119, 105, 116, 104,
   32,  97,  32,  74,  83,  32, 102, 105, 108,
  101,  32,  99, 114, 101,  97, 116, 101, 100,
   32, 117, 110, 100, 101, 114,  32,  97,  32,
   74,  83,  32, 100, 105, 114, 101,  99, 116,
  111, 114, 121,  10
]
Test with a JS file created under a JS directory

id: 5251400
Test with an in-memory file created under a JS directory
